Unexpected argument: --verbose
See more help with --help
node.exe :     Error: build command failed.
At C:\Users\Asus\AppData\Roaming\npm\eas.ps1:24 char:5
+     & "node$exe"  "$basedir/node_modules/eas-cli/bin/run" $args
+     ~~~~~~~~~~~~~~~~~~~~~~~~~~~~~~~~~~~~~~~~~~~~~~~~~~~~~~~~~~~
    + CategoryInfo          : NotSpecified: (    Error: build command failed.:String) [], RemoteE 
   xception
    + FullyQualifiedErrorId : NativeCommandError
 
